// Jest Snapshot v1, https://goo.gl/fbAQLP

exports[`📸 of Form component with empty 1`] = `
<div>
  <form
    class="items-center flex flex-row"
  >
    <input
      aria-label="Search"
      class="inline-block w-3/4 pr-3 py-4 border border-accent rounded-md leading-none bg-white placeholder-gray-500 focus:outline-none focus:placeholder-gray-400 focus:ring-1 focus:ring-accent focus:border-accent"
      id="search2"
      name="search"
      placeholder="GDP data..."
      type="search"
    />
    <button
      class="inline-block text-lg uppercase font-medium px-10 py-4 ml-4 leading-none border bg-accent rounded-md text-white border-accent lg:mt-0 focus:bg-darkaccent hover:bg-darkaccent"
      type="button"
    >
      Search
    </button>
  </form>
</div>
`;

exports[`📸 of Form component with query 1`] = `
<div>
  <form
    class="items-center flex flex-row"
  >
    <input
      aria-label="Search"
      class="inline-block w-3/4 pr-3 py-4 border border-accent rounded-md leading-none bg-white placeholder-gray-500 focus:outline-none focus:placeholder-gray-400 focus:ring-1 focus:ring-accent focus:border-accent"
      id="search2"
      name="search"
      placeholder="GDP data..."
      type="search"
    />
    <button
      class="inline-block text-lg uppercase font-medium px-10 py-4 ml-4 leading-none border bg-accent rounded-md text-white border-accent lg:mt-0 focus:bg-darkaccent hover:bg-darkaccent"
      type="button"
    >
      Search
    </button>
  </form>
</div>
`;
